error[E0505]: cannot move out of `guard` because it is borrowed
  --> tests/ui/hashmap/iter-fail-1.rs:9:10
   |
7  |     let guard = context.rcu_read_lock();
   |         ----- binding `guard` declared here
8  |     let mut iter = map.iter(&guard);
   |                             ------ borrow of `guard` occurs here
9  |     drop(guard);
   |          ^^^^^ move out of `guard` occurs here
10 |     println!("{:?}", iter.next());
   |                      ---- borrow later used here
