error[E0505]: cannot move out of `list` because it is borrowed
  --> tests/ui/list/back-fail-0.rs:11:10
   |
8  |     let list = RcuList::<u32, RcuContextMemb>::new();
   |         ---- binding `list` declared here
9  |     let guard = context.rcu_read_lock();
10 |     let back = list.back(&guard);
   |                ---- borrow of `list` occurs here
11 |     drop(list);
   |          ^^^^ move out of `list` occurs here
12 |     log::info!("{:?}", back);
   |                        ---- borrow later used here
