error[E0505]: cannot move out of `guard` because it is borrowed
  --> tests/ui/boxed/get-fail-1.rs:9:10
   |
7  |     let guard = context.rcu_read_lock();
   |         ----- binding `guard` declared here
8  |     let value = boxed.get(&guard);
   |                           ------ borrow of `guard` occurs here
9  |     drop(guard);
   |          ^^^^^ move out of `guard` occurs here
10 |     log::info!("{:?}", value);
   |                        ----- borrow later used here
